mode: set
engine/api/connect_new.go:14.64,15.33 1 0
engine/api/connect_new.go:15.33,18.3 2 0
engine/api/connect_new.go:20.2,22.16 3 0
engine/api/connect_new.go:22.16,28.3 2 0
engine/api/connect_new.go:30.2,30.20 1 0
engine/api/connect_new.go:31.27,32.73 1 0
engine/api/connect_new.go:32.73,38.4 2 0
engine/api/connect_new.go:39.16,40.124 1 0
engine/api/connect_new.go:40.124,46.4 2 0
engine/api/connect_new.go:47.10,48.87 1 0
engine/api/connect_new.go:48.87,54.4 2 0
engine/api/connect_new.go:57.2,57.18 1 0
engine/api/connect_new.go:57.18,59.3 1 0
engine/api/connect_new.go:62.2,63.16 2 0
engine/api/connect_new.go:63.16,69.3 2 0
engine/api/connect_new.go:72.2,73.16 2 0
engine/api/connect_new.go:73.16,80.3 3 0
engine/api/connect_new.go:83.2,89.19 2 0
engine/api/connect_saved.go:16.66,17.33 1 0
engine/api/connect_saved.go:17.33,20.3 2 0
engine/api/connect_saved.go:22.2,24.16 3 0
engine/api/connect_saved.go:24.16,30.3 2 0
engine/api/connect_saved.go:32.2,32.18 1 0
engine/api/connect_saved.go:32.18,38.3 2 0
engine/api/connect_saved.go:41.2,41.31 1 0
engine/api/connect_saved.go:41.31,47.3 2 0
engine/api/connect_saved.go:50.2,51.16 2 0
engine/api/connect_saved.go:51.16,57.3 2 0
engine/api/connect_saved.go:60.2,61.16 2 0
engine/api/connect_saved.go:61.16,67.3 2 0
engine/api/connect_saved.go:70.2,75.19 2 0
engine/api/delete.go:10.70,12.14 2 1
engine/api/delete.go:12.14,18.3 2 1
engine/api/delete.go:21.2,22.16 2 1
engine/api/delete.go:22.16,25.3 1 0
engine/api/delete.go:28.2,29.16 2 1
engine/api/delete.go:29.16,35.3 2 0
engine/api/delete.go:37.2,40.19 1 1
engine/api/disconnect.go:10.64,12.14 2 1
engine/api/disconnect.go:12.14,18.3 2 1
engine/api/disconnect.go:20.2,20.28 1 1
engine/api/disconnect.go:20.28,26.3 2 1
engine/api/disconnect.go:28.2,29.16 2 1
engine/api/disconnect.go:29.16,35.3 2 0
engine/api/disconnect.go:37.2,40.19 1 1
engine/api/explain.go:13.61,15.14 2 1
engine/api/explain.go:15.14,18.3 2 1
engine/api/explain.go:20.2,21.61 2 1
engine/api/explain.go:21.61,24.3 2 1
engine/api/explain.go:26.2,27.24 2 1
engine/api/explain.go:27.24,30.3 2 1
engine/api/explain.go:32.2,33.17 2 1
engine/api/explain.go:33.17,36.3 2 1
engine/api/explain.go:38.2,39.16 2 1
engine/api/explain.go:39.16,42.3 2 0
engine/api/explain.go:45.2,46.23 2 1
engine/api/explain.go:47.32,48.105 1 0
engine/api/explain.go:49.26,50.69 1 0
engine/api/explain.go:51.28,55.9 2 1
engine/api/explain.go:56.10,58.9 2 1
engine/api/explain.go:62.2,63.16 2 0
engine/api/explain.go:63.16,66.3 2 0
engine/api/explain.go:67.2,69.18 2 0
engine/api/explain.go:69.18,72.3 2 0
engine/api/explain.go:74.2,75.66 2 0
engine/api/explain.go:75.66,77.46 1 0
engine/api/explain.go:77.46,80.4 2 0
engine/api/explain.go:81.8,81.67 1 0
engine/api/explain.go:81.67,84.46 1 0
engine/api/explain.go:84.46,87.4 2 0
engine/api/explain.go:91.2,92.67 2 0
engine/api/explain.go:92.67,95.3 2 0
engine/api/explain.go:97.2,100.19 1 0
engine/api/export.go:35.60,37.33 2 1
engine/api/export.go:37.33,40.3 2 1
engine/api/export.go:42.2,43.64 2 1
engine/api/export.go:43.64,46.3 2 1
engine/api/export.go:48.2,49.17 2 1
engine/api/export.go:49.17,52.3 2 1
engine/api/export.go:54.2,55.30 2 1
engine/api/export.go:55.30,57.3 1 0
engine/api/export.go:58.2,67.33 7 1
engine/api/export.go:67.33,69.13 2 1
engine/api/export.go:69.13,70.36 1 1
engine/api/export.go:70.36,72.5 1 1
engine/api/export.go:73.4,74.18 2 1
engine/api/export.go:76.8,79.35 2 0
engine/api/export.go:79.35,81.4 1 0
engine/api/export.go:83.3,84.17 2 0
engine/api/export.go:84.17,87.4 2 0
engine/api/export.go:89.3,90.17 2 0
engine/api/export.go:90.17,94.4 3 0
engine/api/export.go:96.3,96.25 1 0
engine/api/export.go:96.25,98.18 2 0
engine/api/export.go:98.18,101.30 3 0
engine/api/export.go:101.30,103.6 1 0
engine/api/export.go:104.5,104.44 1 0
engine/api/export.go:104.44,107.6 2 0
engine/api/export.go:110.5,111.35 2 0
engine/api/export.go:111.35,112.20 1 0
engine/api/export.go:112.20,114.7 1 0
engine/api/export.go:114.12,116.7 1 0
engine/api/export.go:118.5,118.19 1 0
engine/api/export.go:120.4,120.18 1 0
engine/api/export.go:124.2,125.23 2 1
engine/api/export.go:126.13,127.72 1 1
engine/api/export.go:128.14,129.57 1 0
engine/api/export.go:130.13,132.35 2 0
engine/api/export.go:132.35,134.4 1 0
engine/api/export.go:135.3,135.66 1 0
engine/api/export.go:136.15,137.74 1 0
engine/api/export.go:138.10,139.63 1 0
engine/api/export.go:142.2,142.20 1 1
engine/api/export.go:142.20,145.3 2 0
engine/api/export.go:147.2,147.86 1 1
engine/api/export.go:150.123,152.16 2 1
engine/api/export.go:152.16,154.3 1 0
engine/api/export.go:155.2,160.20 4 1
engine/api/export.go:160.20,161.44 1 1
engine/api/export.go:161.44,163.4 1 0
engine/api/export.go:166.2,166.27 1 1
engine/api/export.go:166.27,168.27 2 1
engine/api/export.go:168.27,169.18 1 1
engine/api/export.go:169.18,171.5 1 0
engine/api/export.go:171.10,173.5 1 1
engine/api/export.go:175.3,175.46 1 1
engine/api/export.go:175.46,177.4 1 0
engine/api/export.go:179.2,179.18 1 1
engine/api/export.go:182.103,184.16 2 0
engine/api/export.go:184.16,186.3 1 0
engine/api/export.go:187.2,193.27 4 0
engine/api/export.go:193.27,195.27 2 0
engine/api/export.go:195.27,197.4 1 0
engine/api/export.go:199.3,200.17 2 0
engine/api/export.go:200.17,202.4 1 0
engine/api/export.go:204.3,204.13 1 0
engine/api/export.go:204.13,206.4 1 0
engine/api/export.go:207.3,208.16 2 0
engine/api/export.go:212.2,213.18 2 0
engine/api/export.go:216.120,218.16 2 0
engine/api/export.go:218.16,220.3 1 0
engine/api/export.go:221.2,225.27 3 0
engine/api/export.go:225.27,227.27 2 0
engine/api/export.go:227.27,228.18 1 0
engine/api/export.go:228.18,230.5 1 0
engine/api/export.go:230.10,233.5 2 0
engine/api/export.go:236.3,237.25 2 0
engine/api/export.go:239.2,239.18 1 0
engine/api/export.go:242.125,244.15 2 0
engine/api/export.go:244.15,245.35 1 0
engine/api/export.go:245.35,247.4 1 0
engine/api/export.go:250.2,253.20 3 0
engine/api/export.go:253.20,254.28 1 0
engine/api/export.go:254.28,257.18 2 0
engine/api/export.go:257.18,259.5 1 0
engine/api/export.go:261.3,261.13 1 0
engine/api/export.go:264.2,264.27 1 0
engine/api/export.go:264.27,265.27 1 0
engine/api/export.go:265.27,267.32 2 0
engine/api/export.go:267.32,269.5 1 0
engine/api/export.go:271.3,271.13 1 0
engine/api/export.go:274.2,274.44 1 0
engine/api/export.go:274.44,276.3 1 0
engine/api/export.go:278.2,278.43 1 0
engine/api/export.go:278.43,280.3 1 0
engine/api/export.go:281.2,281.12 1 0
engine/api/folders.go:17.65,19.16 2 1
engine/api/folders.go:19.16,22.3 2 0
engine/api/folders.go:23.2,27.4 2 1
engine/api/folders.go:31.66,33.79 2 1
engine/api/folders.go:33.79,36.3 2 1
engine/api/folders.go:38.2,43.50 2 1
engine/api/folders.go:43.50,46.3 2 0
engine/api/folders.go:48.2,51.19 1 1
engine/api/folders.go:55.66,57.14 2 1
engine/api/folders.go:57.14,60.3 2 1
engine/api/folders.go:62.2,63.79 2 1
engine/api/folders.go:63.79,66.3 2 0
engine/api/folders.go:68.2,69.50 2 1
engine/api/folders.go:69.50,72.3 2 0
engine/api/folders.go:74.2,74.95 1 1
engine/api/folders.go:78.66,80.14 2 1
engine/api/folders.go:80.14,83.3 2 1
engine/api/folders.go:85.2,85.47 1 1
engine/api/folders.go:85.47,88.3 2 0
engine/api/folders.go:91.2,92.26 2 1
engine/api/folders.go:92.26,93.23 1 0
engine/api/folders.go:93.23,96.4 2 0
engine/api/folders.go:100.2,101.32 2 1
engine/api/folders.go:101.32,102.24 1 0
engine/api/folders.go:102.24,105.4 2 0
engine/api/folders.go:108.2,108.93 1 1
engine/api/get.go:10.67,12.14 2 1
engine/api/get.go:12.14,18.3 2 1
engine/api/get.go:20.2,21.16 2 1
engine/api/get.go:21.16,27.3 2 1
engine/api/get.go:30.2,33.48 3 1
engine/api/list.go:25.69,26.32 1 1
engine/api/list.go:26.32,29.3 2 1
engine/api/list.go:32.2,33.16 2 1
engine/api/list.go:33.16,36.3 2 1
engine/api/list.go:38.2,39.26 2 1
engine/api/list.go:39.26,41.30 2 1
engine/api/list.go:41.30,43.4 1 0
engine/api/list.go:44.3,53.5 1 1
engine/api/list.go:57.2,58.16 2 1
engine/api/list.go:58.16,59.32 1 1
engine/api/list.go:59.32,61.36 2 0
engine/api/list.go:61.36,63.5 1 0
engine/api/list.go:64.4,73.6 1 0
engine/api/list.go:77.2,79.19 1 1
engine/api/metadata_databases.go:17.74,19.14 2 1
engine/api/metadata_databases.go:19.14,25.3 2 1
engine/api/metadata_databases.go:28.2,29.17 2 1
engine/api/metadata_databases.go:29.17,35.3 2 1
engine/api/metadata_databases.go:38.2,39.16 2 0
engine/api/metadata_databases.go:39.16,45.3 2 0
engine/api/metadata_databases.go:47.2,48.16 2 0
engine/api/metadata_databases.go:48.16,54.3 2 0
engine/api/metadata_databases.go:56.2,59.19 1 0
engine/api/metadata_details.go:23.73,28.53 4 1
engine/api/metadata_details.go:28.53,31.3 2 1
engine/api/metadata_details.go:33.2,34.17 2 1
engine/api/metadata_details.go:34.17,37.3 2 1
engine/api/metadata_details.go:39.2,40.16 2 0
engine/api/metadata_details.go:40.16,43.3 2 0
engine/api/metadata_details.go:45.2,46.16 2 0
engine/api/metadata_details.go:46.16,49.3 2 0
engine/api/metadata_details.go:51.2,51.74 1 0
engine/api/metadata_details.go:55.77,60.53 4 1
engine/api/metadata_details.go:60.53,63.3 2 1
engine/api/metadata_details.go:65.2,66.17 2 1
engine/api/metadata_details.go:66.17,69.3 2 1
engine/api/metadata_details.go:71.2,72.16 2 0
engine/api/metadata_details.go:72.16,75.3 2 0
engine/api/metadata_details.go:77.2,78.16 2 0
engine/api/metadata_details.go:78.16,81.3 2 0
engine/api/metadata_details.go:83.2,83.86 1 0
engine/api/metadata_entities.go:17.73,19.14 2 0
engine/api/metadata_entities.go:19.14,25.3 2 0
engine/api/metadata_entities.go:27.2,28.17 2 0
engine/api/metadata_entities.go:28.17,34.3 2 0
engine/api/metadata_entities.go:36.2,37.16 2 0
engine/api/metadata_entities.go:37.16,43.3 2 0
engine/api/metadata_entities.go:45.2,46.16 2 0
engine/api/metadata_entities.go:46.16,52.3 2 0
engine/api/metadata_entities.go:54.2,57.19 1 0
engine/api/metadata_lazy.go:29.72,31.14 2 1
engine/api/metadata_lazy.go:31.14,34.3 2 1
engine/api/metadata_lazy.go:36.2,37.17 2 1
engine/api/metadata_lazy.go:37.17,40.3 2 1
engine/api/metadata_lazy.go:42.2,43.16 2 0
engine/api/metadata_lazy.go:43.16,46.3 2 0
engine/api/metadata_lazy.go:48.2,49.16 2 0
engine/api/metadata_lazy.go:49.16,52.3 2 0
engine/api/metadata_lazy.go:54.2,54.90 1 0
engine/api/metadata_lazy.go:58.71,62.34 3 1
engine/api/metadata_lazy.go:62.34,65.3 2 1
engine/api/metadata_lazy.go:67.2,68.17 2 0
engine/api/metadata_lazy.go:68.17,71.3 2 0
engine/api/metadata_lazy.go:73.2,74.16 2 0
engine/api/metadata_lazy.go:74.16,77.3 2 0
engine/api/metadata_lazy.go:79.2,80.16 2 0
engine/api/metadata_lazy.go:80.16,83.3 2 0
engine/api/metadata_lazy.go:85.2,85.87 1 0
engine/api/metadata_lazy.go:89.72,94.53 4 1
engine/api/metadata_lazy.go:94.53,97.3 2 1
engine/api/metadata_lazy.go:99.2,100.17 2 1
engine/api/metadata_lazy.go:100.17,103.3 2 1
engine/api/metadata_lazy.go:105.2,106.16 2 0
engine/api/metadata_lazy.go:106.16,109.3 2 0
engine/api/metadata_lazy.go:111.2,112.16 2 0
engine/api/metadata_lazy.go:112.16,115.3 2 0
engine/api/metadata_lazy.go:117.2,117.90 1 0
engine/api/mutate.go:32.64,34.14 2 1
engine/api/mutate.go:34.14,37.3 2 1
engine/api/mutate.go:39.2,40.61 2 1
engine/api/mutate.go:40.61,43.3 2 1
engine/api/mutate.go:45.2,45.48 1 1
engine/api/mutate.go:45.48,48.3 2 1
engine/api/mutate.go:50.2,51.17 2 1
engine/api/mutate.go:51.17,54.3 2 1
engine/api/mutate.go:56.2,57.16 2 1
engine/api/mutate.go:57.16,60.3 2 0
engine/api/mutate.go:63.2,65.16 3 1
engine/api/mutate.go:65.16,68.3 2 0
engine/api/mutate.go:71.2,71.15 1 1
engine/api/mutate.go:71.15,72.31 1 1
engine/api/mutate.go:72.31,74.12 2 0
engine/api/mutate.go:75.9,75.24 1 1
engine/api/mutate.go:75.24,77.4 1 0
engine/api/mutate.go:77.9,79.4 1 1
engine/api/mutate.go:82.2,82.36 1 1
engine/api/mutate.go:82.36,83.19 1 1
engine/api/mutate.go:84.17,85.85 1 1
engine/api/mutate.go:86.17,87.70 1 0
engine/api/mutate.go:88.17,89.68 1 1
engine/api/mutate.go:90.11,91.59 1 0
engine/api/mutate.go:94.3,94.17 1 1
engine/api/mutate.go:94.17,98.4 3 0
engine/api/mutate.go:101.2,101.147 1 1
engine/api/mutate.go:104.49,105.16 1 1
engine/api/mutate.go:106.18,107.33 1 0
engine/api/mutate.go:108.19,109.34 1 0
engine/api/mutate.go:110.10,111.13 1 1
engine/api/mutate.go:115.123,116.19 1 1
engine/api/mutate.go:116.19,118.3 1 0
engine/api/mutate.go:120.2,124.24 4 1
engine/api/mutate.go:124.24,128.3 3 1
engine/api/mutate.go:130.2,131.16 2 1
engine/api/mutate.go:131.16,133.3 1 0
engine/api/mutate.go:134.2,139.16 4 1
engine/api/mutate.go:139.16,141.3 1 0
engine/api/mutate.go:143.2,144.19 2 1
engine/api/mutate.go:144.19,146.3 1 0
engine/api/mutate.go:147.2,147.12 1 1
engine/api/mutate.go:150.95,153.16 3 0
engine/api/mutate.go:153.16,155.3 1 0
engine/api/mutate.go:157.2,159.16 3 0
engine/api/mutate.go:159.16,161.3 1 0
engine/api/mutate.go:163.2,164.19 2 0
engine/api/mutate.go:164.19,166.3 1 0
engine/api/mutate.go:167.2,167.12 1 0
engine/api/mutate.go:170.99,171.23 1 1
engine/api/mutate.go:171.23,173.3 1 0
engine/api/mutate.go:175.2,180.28 5 1
engine/api/mutate.go:180.28,185.3 4 1
engine/api/mutate.go:187.2,189.12 3 1
engine/api/mutate.go:192.110,193.19 1 1
engine/api/mutate.go:193.19,195.3 1 0
engine/api/mutate.go:197.2,200.24 3 1
engine/api/mutate.go:200.24,201.15 1 1
engine/api/mutate.go:201.15,203.4 1 0
engine/api/mutate.go:203.9,207.4 3 1
engine/api/mutate.go:210.2,210.53 1 1
engine/api/mutate.go:213.46,214.16 1 1
engine/api/mutate.go:215.15,216.58 1 0
engine/api/mutate.go:217.19,218.58 1 0
engine/api/mutate.go:219.10,221.58 1 1
engine/api/patch.go:11.75,13.17 2 1
engine/api/patch.go:13.17,16.6 2 1
engine/api/patch.go:18.5,21.68 2 1
engine/api/patch.go:21.68,24.6 2 1
engine/api/patch.go:26.5,27.19 2 1
engine/api/patch.go:27.19,30.6 2 1
engine/api/patch.go:31.5,31.32 1 1
engine/api/patch.go:31.32,33.6 1 1
engine/api/patch.go:34.5,34.55 1 1
engine/api/patch.go:34.55,37.6 2 0
engine/api/patch.go:38.5,38.96 1 1
engine/api/query.go:27.59,29.14 2 1
engine/api/query.go:29.14,32.3 2 1
engine/api/query.go:34.2,35.61 2 1
engine/api/query.go:35.61,38.3 2 1
engine/api/query.go:40.2,41.24 2 1
engine/api/query.go:41.24,44.3 2 1
engine/api/query.go:46.2,47.17 2 1
engine/api/query.go:47.17,50.3 2 1
engine/api/query.go:53.2,60.17 3 1
engine/api/query.go:60.17,62.3 1 1
engine/api/query.go:62.8,64.3 1 1
engine/api/query.go:67.75,69.16 2 1
engine/api/query.go:69.16,75.3 2 0
engine/api/query.go:77.2,78.16 2 1
engine/api/query.go:78.16,81.3 1 0
engine/api/query.go:83.2,87.19 1 1
engine/api/query.go:90.73,92.16 2 1
engine/api/query.go:92.16,98.3 2 0
engine/api/query.go:99.2,102.16 3 1
engine/api/query.go:102.16,108.3 2 0
engine/api/query.go:111.2,113.18 2 1
engine/api/query.go:113.18,118.26 3 1
engine/api/query.go:118.26,120.4 1 1
engine/api/query.go:123.3,123.54 1 1
engine/api/query.go:123.54,129.4 2 0
engine/api/query.go:132.3,133.41 2 1
engine/api/query.go:133.41,138.10 3 1
engine/api/query.go:138.10,140.5 1 0
engine/api/query.go:144.4,144.34 1 1
engine/api/query.go:147.3,147.43 1 1
engine/api/query.go:150.2,150.34 1 1
engine/api/query.go:150.34,156.3 2 0
engine/api/query.go:158.2,158.23 1 1
engine/api/query.go:158.23,160.3 1 0
engine/api/query.go:162.2,167.19 1 1
engine/api/redis_api.go:25.63,27.64 2 1
engine/api/redis_api.go:27.64,33.3 2 0
engine/api/redis_api.go:35.2,36.16 2 1
engine/api/redis_api.go:36.16,42.3 2 0
engine/api/redis_api.go:43.2,48.19 2 1
engine/api/redis_api.go:52.66,54.64 2 1
engine/api/redis_api.go:54.64,60.3 2 0
engine/api/redis_api.go:63.2,64.18 2 1
engine/api/redis_api.go:64.18,66.3 1 0
engine/api/redis_api.go:68.2,68.21 1 1
engine/api/redis_api.go:68.21,70.3 1 0
engine/api/redis_api.go:73.2,73.43 1 1
engine/api/redis_api.go:73.43,74.83 1 0
engine/api/redis_api.go:74.83,76.4 1 0
engine/api/redis_api.go:79.2,80.16 2 1
engine/api/redis_api.go:80.16,86.3 2 0
engine/api/redis_api.go:89.2,89.59 1 1
engine/api/redis_api.go:89.59,96.3 3 0
engine/api/redis_api.go:98.2,104.19 2 1
engine/api/redis_api.go:108.71,112.61 2 1
engine/api/redis_api.go:112.61,115.3 2 0
engine/api/redis_api.go:117.2,117.36 1 1
engine/api/redis_api.go:117.36,120.3 2 0
engine/api/redis_api.go:122.2,123.16 2 1
engine/api/redis_api.go:123.16,126.3 2 0
engine/api/redis_api.go:128.2,129.16 2 1
engine/api/redis_api.go:129.16,132.3 2 0
engine/api/redis_api.go:134.2,136.107 2 1
engine/api/redis_api.go:140.64,142.14 2 1
engine/api/redis_api.go:142.14,145.3 2 0
engine/api/redis_api.go:147.2,148.61 2 1
engine/api/redis_api.go:148.61,151.3 2 0
engine/api/redis_api.go:153.2,154.17 2 1
engine/api/redis_api.go:154.17,157.3 2 0
engine/api/redis_api.go:159.2,163.109 3 1
engine/api/redis_api.go:163.110,166.3 0 0
engine/api/redis_api.go:168.2,169.16 2 1
engine/api/redis_api.go:169.16,172.3 2 0
engine/api/redis_api.go:174.2,177.19 1 1
engine/api/redis_api.go:181.75,183.14 2 1
engine/api/redis_api.go:183.14,186.3 2 0
engine/api/redis_api.go:189.2,190.17 2 1
engine/api/redis_api.go:190.17,194.3 3 0
engine/api/redis_api.go:197.2,197.56 1 1
engine/api/redis_api.go:197.56,200.3 2 0
engine/api/redis_api.go:202.2,202.103 1 1
engine/api/redis_api.go:206.69,209.17 3 1
engine/api/redis_api.go:209.17,213.3 3 1
engine/api/redis_api.go:215.2,215.77 1 1
engine/api/redis_export.go:25.65,27.33 2 1
engine/api/redis_export.go:27.33,30.3 2 0
engine/api/redis_export.go:33.2,33.41 1 1
engine/api/redis_export.go:33.41,36.3 2 0
engine/api/redis_export.go:38.2,39.64 2 1
engine/api/redis_export.go:39.64,42.3 2 0
engine/api/redis_export.go:44.2,44.59 1 1
engine/api/redis_export.go:44.59,47.3 2 0
engine/api/redis_export.go:49.2,50.30 2 1
engine/api/redis_export.go:50.30,52.3 1 0
engine/api/redis_export.go:53.2,55.23 2 1
engine/api/redis_export.go:56.14,63.17 3 1
engine/api/redis_export.go:63.17,66.4 2 0
engine/api/redis_export.go:67.3,67.57 1 1
engine/api/redis_export.go:67.57,70.4 2 0
engine/api/redis_export.go:71.3,72.9 2 1
engine/api/redis_export.go:74.22,78.13 4 0
engine/api/redis_export.go:78.13,79.27 1 0
engine/api/redis_export.go:79.27,81.5 1 0
engine/api/redis_export.go:82.4,83.18 2 0
engine/api/redis_export.go:86.3,87.29 2 0
engine/api/redis_export.go:87.29,89.4 1 0
engine/api/redis_export.go:89.9,91.4 1 0
engine/api/redis_export.go:92.3,92.21 1 0
engine/api/redis_export.go:92.21,95.4 2 0
engine/api/redis_export.go:96.3,97.9 2 0
engine/api/redis_export.go:99.10,101.9 2 0
engine/api/redis_export.go:105.85,106.18 1 0
engine/api/redis_export.go:107.14,108.50 1 0
engine/api/redis_export.go:108.50,110.21 2 0
engine/api/redis_export.go:110.21,112.5 1 0
engine/api/redis_export.go:113.4,115.27 3 0
engine/api/redis_export.go:115.27,117.5 1 0
engine/api/redis_export.go:118.4,118.43 1 0
engine/api/redis_export.go:120.14,121.43 1 0
engine/api/redis_export.go:121.43,123.26 2 0
engine/api/redis_export.go:123.26,125.5 1 0
engine/api/redis_export.go:126.4,126.43 1 0
engine/api/redis_export.go:131.2,131.69 1 0
engine/api/redis_export.go:134.44,135.14 1 0
engine/api/redis_export.go:135.14,137.3 1 0
engine/api/redis_export.go:138.2,138.23 1 0
engine/api/redis_export.go:139.14,140.11 1 0
engine/api/redis_export.go:141.10,143.44 1 0
engine/api/redis_export.go:143.44,145.4 1 0
engine/api/redis_export.go:146.3,146.23 1 0
engine/api/redis_folder_patch.go:12.70,14.14 2 1
engine/api/redis_folder_patch.go:14.14,17.3 2 0
engine/api/redis_folder_patch.go:19.2,22.65 2 1
engine/api/redis_folder_patch.go:22.65,25.3 2 0
engine/api/redis_folder_patch.go:27.2,28.30 2 1
engine/api/redis_folder_patch.go:28.30,31.3 2 0
engine/api/redis_folder_patch.go:33.2,33.29 1 1
engine/api/redis_folder_patch.go:33.29,35.3 1 1
engine/api/redis_folder_patch.go:37.2,37.57 1 1
engine/api/redis_folder_patch.go:37.57,40.3 2 0
engine/api/redis_folder_patch.go:42.2,42.93 1 1
engine/api/refresh.go:11.71,13.14 2 1
engine/api/refresh.go:13.14,19.3 2 1
engine/api/refresh.go:22.2,23.16 2 1
engine/api/refresh.go:23.16,26.3 1 0
engine/api/refresh.go:29.2,30.16 2 1
engine/api/refresh.go:30.16,36.3 2 1
engine/api/refresh.go:39.2,40.16 2 0
engine/api/refresh.go:40.16,46.3 2 0
engine/api/refresh.go:49.2,54.19 2 0
engine/api/scripts.go:27.63,28.33 1 0
engine/api/scripts.go:28.33,31.3 2 0
engine/api/scripts.go:33.2,34.61 2 0
engine/api/scripts.go:34.61,37.3 2 0
engine/api/scripts.go:38.2,38.22 1 0
engine/api/scripts.go:38.22,41.3 2 0
engine/api/scripts.go:43.2,44.23 2 0
engine/api/scripts.go:44.23,46.3 1 0
engine/api/scripts.go:48.2,56.16 7 0
engine/api/scripts.go:56.16,59.3 2 0
engine/api/scripts.go:62.2,63.48 2 0
engine/api/scripts.go:63.48,65.3 1 0
engine/api/scripts.go:66.2,66.42 1 0
engine/api/test_connection.go:14.68,15.33 1 1
engine/api/test_connection.go:15.33,18.3 2 1
engine/api/test_connection.go:20.2,22.16 3 1
engine/api/test_connection.go:22.16,28.3 2 1
engine/api/test_connection.go:30.2,30.20 1 1
engine/api/test_connection.go:31.27,32.73 1 0
engine/api/test_connection.go:32.73,38.4 2 0
engine/api/test_connection.go:39.16,40.124 1 0
engine/api/test_connection.go:40.124,46.4 2 0
engine/api/test_connection.go:47.10,48.87 1 1
engine/api/test_connection.go:48.87,54.4 2 1
engine/api/test_connection.go:58.2,59.16 2 0
engine/api/test_connection.go:59.16,65.3 2 0
engine/api/test_connection.go:68.2,73.19 2 0
engine/api/update.go:12.70,14.14 2 1
engine/api/update.go:14.14,20.3 2 1
engine/api/update.go:22.2,24.16 3 1
engine/api/update.go:24.16,30.3 2 1
engine/api/update.go:32.2,36.38 3 1
engine/api/update.go:36.38,38.3 1 0
engine/api/update.go:41.2,42.16 2 1
engine/api/update.go:42.16,48.3 2 1
engine/api/update.go:51.2,52.16 2 0
engine/api/update.go:52.16,59.3 3 0
engine/api/update.go:62.2,67.19 2 0
engine/api/utils.go:18.79,23.16 4 1
engine/api/utils.go:23.16,28.3 3 0
engine/api/utils.go:29.2,29.16 1 1
engine/api/workspace.go:11.66,13.16 2 1
engine/api/workspace.go:13.16,16.3 2 0
engine/api/workspace.go:18.2,18.40 1 1
engine/api/workspace.go:22.67,25.60 2 1
engine/api/workspace.go:25.60,28.3 2 1
engine/api/workspace.go:30.2,30.48 1 1
engine/api/workspace.go:30.48,33.3 2 0
engine/api/workspace.go:35.2,35.107 1 1
